{"align_strategy": "selective", "class_counts_internal": [403, 468], "config": "C5_selective_hybrid_strong", "data_shape": [871, 320], "device": "cuda", "modal_dims": [48, 6, 10, 256], "modal_names": ["PHENO", "ANAT", "FUNC", "Correlation"], "seed": 0}
fold=01 epoch=0001 val_acc=0.5696 val_ba=0.5840 cls=1.01902 align=0.48738 orth=1.00000 balance=0.00000
fold=01 epoch=0002 val_acc=0.5949 val_ba=0.5820 cls=0.87479 align=0.49599 orth=0.99914 balance=0.00000
fold=01 epoch=0005 val_acc=0.6076 val_ba=0.5923 cls=0.77979 align=0.52620 orth=0.99968 balance=0.00000
fold=01 epoch=0006 val_acc=0.6203 val_ba=0.6107 cls=0.73304 align=0.52574 orth=0.99979 balance=0.00000
fold=01 epoch=0025 current_val_acc=0.4684 wait=19
fold=01 epoch=0043 val_acc=0.8101 val_ba=0.8086 cls=0.68868 align=0.50515 orth=0.99999 balance=0.00000
fold=01 epoch=0050 current_val_acc=0.6835 wait=7
fold=01 epoch=0052 val_acc=0.8481 val_ba=0.8523 cls=0.60099 align=0.51147 orth=0.99999 balance=0.00000
fold=01 epoch=0062 val_acc=0.8734 val_ba=0.8729 cls=0.44105 align=0.47687 orth=0.99999 balance=0.00000
fold=01 epoch=0075 val_acc=0.8861 val_ba=0.8816 cls=0.29467 align=0.50247 orth=0.99999 balance=0.00000
fold=01 epoch=0075 current_val_acc=0.8861 wait=0
fold=01 epoch=0080 val_acc=0.8987 val_ba=0.9015 cls=0.31228 align=0.48176 orth=0.99998 balance=0.00000
fold=01 epoch=0100 val_acc=0.9114 val_ba=0.9134 cls=0.22799 align=0.42767 orth=0.99998 balance=0.00000
fold=01 epoch=0100 current_val_acc=0.9114 wait=0
fold=01 epoch=0110 val_acc=0.9241 val_ba=0.9237 cls=0.16157 align=0.43284 orth=0.99998 balance=0.00000
fold=01 epoch=0125 current_val_acc=0.5316 wait=15
fold=01 epoch=0132 val_acc=0.9367 val_ba=0.9373 cls=0.35304 align=0.51006 orth=0.99993 balance=0.00000
fold=01 epoch=0150 current_val_acc=0.8987 wait=18
fold=01 epoch=0175 current_val_acc=0.5316 wait=43
fold=01 done epoch=132 ACC=0.8523 BA=0.8524 ASD-AUC=0.9528 runtime=19.4s
fold=02 epoch=0001 val_acc=0.4684 val_ba=0.5116 cls=1.25660 align=0.49432 orth=1.00000 balance=0.00000
fold=02 epoch=0003 val_acc=0.4810 val_ba=0.5233 cls=1.00748 align=0.50341 orth=0.99992 balance=0.00000
fold=02 epoch=0008 val_acc=0.5316 val_ba=0.5065 cls=0.71543 align=0.52514 orth=0.99995 balance=0.00000
fold=02 epoch=0024 val_acc=0.5570 val_ba=0.5139 cls=0.69749 align=0.52755 orth=0.99990 balance=0.00000
fold=02 epoch=0025 current_val_acc=0.5570 wait=1
fold=02 epoch=0042 val_acc=0.5949 val_ba=0.6234 cls=0.68884 align=0.52486 orth=0.99999 balance=0.00000
fold=02 epoch=0044 val_acc=0.6962 val_ba=0.6780 cls=0.68602 align=0.50484 orth=0.99998 balance=0.00000
fold=02 epoch=0047 val_acc=0.7089 val_ba=0.6964 cls=0.64768 align=0.52219 orth=0.99998 balance=0.00000
fold=02 epoch=0050 val_acc=0.7342 val_ba=0.7174 cls=0.60164 align=0.49618 orth=0.99999 balance=0.00000
fold=02 epoch=0050 current_val_acc=0.7342 wait=0
fold=02 epoch=0059 val_acc=0.7848 val_ba=0.7707 cls=0.49732 align=0.49570 orth=0.99998 balance=0.00000
fold=02 epoch=0063 val_acc=0.7975 val_ba=0.7936 cls=0.40464 align=0.50212 orth=0.99999 balance=0.00000
fold=02 epoch=0065 val_acc=0.8228 val_ba=0.8169 cls=0.39692 align=0.49071 orth=0.99999 balance=0.00000
fold=02 epoch=0075 current_val_acc=0.7975 wait=10
fold=02 epoch=0083 val_acc=0.8354 val_ba=0.8285 cls=0.24223 align=0.47902 orth=0.99998 balance=0.00000
fold=02 epoch=0100 current_val_acc=0.7848 wait=17
fold=02 epoch=0125 current_val_acc=0.7595 wait=42
fold=02 done epoch=83 ACC=0.8506 BA=0.8441 ASD-AUC=0.8653 runtime=11.8s
fold=03 epoch=0001 val_acc=0.4051 val_ba=0.4128 cls=1.22310 align=0.50817 orth=1.00000 balance=0.00000
fold=03 epoch=0005 val_acc=0.4304 val_ba=0.4428 cls=0.88105 align=0.52764 orth=0.99963 balance=0.00000
fold=03 epoch=0007 val_acc=0.4557 val_ba=0.4570 cls=0.75724 align=0.53019 orth=0.99993 balance=0.00000
fold=03 epoch=0008 val_acc=0.4684 val_ba=0.4551 cls=0.75315 align=0.53134 orth=0.99990 balance=0.00000
fold=03 epoch=0010 val_acc=0.5063 val_ba=0.4877 cls=0.71745 align=0.53139 orth=0.99959 balance=0.00000
fold=03 epoch=0013 val_acc=0.5316 val_ba=0.5065 cls=0.69395 align=0.53188 orth=0.99984 balance=0.00000
fold=03 epoch=0021 val_acc=0.5696 val_ba=0.5278 cls=0.70218 align=0.51240 orth=0.99992 balance=0.00000
fold=03 epoch=0025 current_val_acc=0.5316 wait=4
fold=03 epoch=0036 val_acc=0.6076 val_ba=0.5694 cls=0.69438 align=0.49203 orth=0.99999 balance=0.00000
fold=03 epoch=0038 val_acc=0.6329 val_ba=0.6583 cls=0.65886 align=0.50169 orth=0.99999 balance=0.00000
fold=03 epoch=0039 val_acc=0.6582 val_ba=0.6431 cls=0.65039 align=0.49552 orth=0.99999 balance=0.00000
fold=03 epoch=0041 val_acc=0.7089 val_ba=0.7145 cls=0.59299 align=0.49660 orth=0.99999 balance=0.00000
fold=03 epoch=0044 val_acc=0.7342 val_ba=0.7445 cls=0.57459 align=0.51239 orth=0.99999 balance=0.00000
fold=03 epoch=0048 val_acc=0.7468 val_ba=0.7584 cls=0.48483 align=0.49267 orth=0.99999 balance=0.00000
fold=03 epoch=0050 val_acc=0.7595 val_ba=0.7655 cls=0.50130 align=0.49778 orth=0.99999 balance=0.00000
fold=03 epoch=0050 current_val_acc=0.7595 wait=0
fold=03 epoch=0052 val_acc=0.7722 val_ba=0.7794 cls=0.45159 align=0.49735 orth=0.99999 balance=0.00000
fold=03 epoch=0061 val_acc=0.8354 val_ba=0.8375 cls=0.32767 align=0.48258 orth=0.99999 balance=0.00000
fold=03 epoch=0075 current_val_acc=0.8101 wait=14
fold=03 epoch=0089 val_acc=0.8608 val_ba=0.8608 cls=0.19427 align=0.46633 orth=0.99999 balance=0.00000
fold=03 epoch=0100 current_val_acc=0.8608 wait=11
fold=03 epoch=0109 val_acc=0.8734 val_ba=0.8702 cls=0.20267 align=0.44643 orth=0.99999 balance=0.00000
fold=03 epoch=0125 current_val_acc=0.8608 wait=16
fold=03 epoch=0150 current_val_acc=0.8354 wait=41
fold=03 done epoch=109 ACC=0.8506 BA=0.8481 ASD-AUC=0.9353 runtime=14.9s
fold=04 epoch=0001 val_acc=0.4430 val_ba=0.4263 cls=0.73744 align=0.49912 orth=1.00000 balance=0.00000
fold=04 epoch=0006 val_acc=0.4557 val_ba=0.4447 cls=0.69337 align=0.51637 orth=0.99966 balance=0.00000
fold=04 epoch=0011 val_acc=0.4684 val_ba=0.4550 cls=0.68836 align=0.53333 orth=0.99956 balance=0.00000
fold=04 epoch=0025 val_acc=0.4810 val_ba=0.4846 cls=0.68842 align=0.51842 orth=0.99996 balance=0.00000
fold=04 epoch=0025 current_val_acc=0.4810 wait=0
fold=04 epoch=0026 val_acc=0.4937 val_ba=0.4900 cls=0.68719 align=0.52034 orth=0.99997 balance=0.00000
fold=04 epoch=0027 val_acc=0.5063 val_ba=0.5003 cls=0.68746 align=0.51609 orth=0.99997 balance=0.00000
fold=04 epoch=0030 val_acc=0.5570 val_ba=0.5705 cls=0.68274 align=0.50854 orth=0.99998 balance=0.00000
fold=04 epoch=0032 val_acc=0.5823 val_ba=0.5685 cls=0.68468 align=0.50967 orth=0.99998 balance=0.00000
fold=04 epoch=0034 val_acc=0.6329 val_ba=0.6129 cls=0.68138 align=0.51275 orth=0.99998 balance=0.00000
fold=04 epoch=0040 val_acc=0.6709 val_ba=0.6535 cls=0.66139 align=0.51113 orth=0.99999 balance=0.00000
fold=04 epoch=0048 val_acc=0.6835 val_ba=0.6799 cls=0.57563 align=0.52292 orth=0.99999 balance=0.00000
fold=04 epoch=0050 current_val_acc=0.6709 wait=2
fold=04 epoch=0051 val_acc=0.6962 val_ba=0.6773 cls=0.60921 align=0.52805 orth=0.99999 balance=0.00000
fold=04 epoch=0057 val_acc=0.7089 val_ba=0.6956 cls=0.49575 align=0.49882 orth=0.99999 balance=0.00000
fold=04 epoch=0064 val_acc=0.7215 val_ba=0.7220 cls=0.37281 align=0.48665 orth=0.99999 balance=0.00000
fold=04 epoch=0065 val_acc=0.7342 val_ba=0.7403 cls=0.37765 align=0.48765 orth=0.99999 balance=0.00000
fold=04 epoch=0068 val_acc=0.7595 val_ba=0.7609 cls=0.34585 align=0.48382 orth=0.99999 balance=0.00000
fold=04 epoch=0075 val_acc=0.7848 val_ba=0.7799 cls=0.26551 align=0.49660 orth=0.99999 balance=0.00000
fold=04 epoch=0075 current_val_acc=0.7848 wait=0
fold=04 epoch=0080 val_acc=0.7975 val_ba=0.7870 cls=0.27964 align=0.51478 orth=0.99998 balance=0.00000
fold=04 epoch=0090 val_acc=0.8354 val_ba=0.8308 cls=0.20031 align=0.47019 orth=0.99997 balance=0.00000
fold=04 epoch=0100 current_val_acc=0.8101 wait=10
fold=04 epoch=0125 current_val_acc=0.7848 wait=35
fold=04 done epoch=90 ACC=0.8966 BA=0.8912 ASD-AUC=0.9319 runtime=13.3s
fold=05 epoch=0001 val_acc=0.4810 val_ba=0.5023 cls=1.13102 align=0.50215 orth=1.00000 balance=0.00000
fold=05 epoch=0002 val_acc=0.5190 val_ba=0.5364 cls=0.93970 align=0.50612 orth=0.99874 balance=0.00000
fold=05 epoch=0004 val_acc=0.5570 val_ba=0.5495 cls=0.80739 align=0.51471 orth=0.99981 balance=0.00000
fold=05 epoch=0005 val_acc=0.5823 val_ba=0.5718 cls=0.76023 align=0.51175 orth=0.99958 balance=0.00000
fold=05 epoch=0006 val_acc=0.6076 val_ba=0.5940 cls=0.75777 align=0.51727 orth=0.99974 balance=0.00000
fold=05 epoch=0025 current_val_acc=0.4684 wait=19
fold=05 epoch=0036 val_acc=0.6709 val_ba=0.6760 cls=0.68107 align=0.49652 orth=0.99998 balance=0.00000
fold=05 epoch=0037 val_acc=0.7089 val_ba=0.7181 cls=0.67357 align=0.49050 orth=0.99999 balance=0.00000
fold=05 epoch=0046 val_acc=0.7722 val_ba=0.7664 cls=0.62988 align=0.51449 orth=0.99997 balance=0.00000
fold=05 epoch=0050 current_val_acc=0.7722 wait=4
fold=05 epoch=0054 val_acc=0.7975 val_ba=0.7967 cls=0.51350 align=0.50289 orth=0.99998 balance=0.00000
fold=05 epoch=0059 val_acc=0.8228 val_ba=0.8205 cls=0.41752 align=0.50030 orth=0.99999 balance=0.00000
fold=05 epoch=0060 val_acc=0.8354 val_ba=0.8340 cls=0.39059 align=0.49205 orth=0.99999 balance=0.00000
fold=05 epoch=0075 current_val_acc=0.7848 wait=15
fold=05 epoch=0088 val_acc=0.8481 val_ba=0.8427 cls=0.25778 align=0.45457 orth=0.99999 balance=0.00000
fold=05 epoch=0100 current_val_acc=0.7342 wait=12
fold=05 epoch=0112 val_acc=0.8608 val_ba=0.8610 cls=0.14828 align=0.45003 orth=0.99999 balance=0.00000
fold=05 epoch=0125 current_val_acc=0.5823 wait=13
fold=05 epoch=0150 current_val_acc=0.8101 wait=38
fold=05 done epoch=112 ACC=0.9080 BA=0.9019 ASD-AUC=0.9441 runtime=14.9s
fold=06 epoch=0001 val_acc=0.4430 val_ba=0.4311 cls=0.80857 align=0.49930 orth=1.00000 balance=0.00000
fold=06 epoch=0006 val_acc=0.4810 val_ba=0.4813 cls=0.74258 align=0.52545 orth=0.99973 balance=0.00000
fold=06 epoch=0008 val_acc=0.5316 val_ba=0.5450 cls=0.71660 align=0.53544 orth=0.99974 balance=0.00000
fold=06 epoch=0009 val_acc=0.5570 val_ba=0.5721 cls=0.72355 align=0.53894 orth=0.99949 balance=0.00000
fold=06 epoch=0025 current_val_acc=0.4810 wait=16
fold=06 epoch=0035 val_acc=0.6835 val_ba=0.6927 cls=0.67083 align=0.51570 orth=0.99997 balance=0.00000
fold=06 epoch=0038 val_acc=0.6962 val_ba=0.6757 cls=0.68788 align=0.51506 orth=0.99999 balance=0.00000
fold=06 epoch=0044 val_acc=0.7342 val_ba=0.7307 cls=0.65618 align=0.50849 orth=0.99998 balance=0.00000
fold=06 epoch=0050 current_val_acc=0.5696 wait=6
fold=06 epoch=0051 val_acc=0.7595 val_ba=0.7625 cls=0.62871 align=0.48683 orth=0.99999 balance=0.00000
fold=06 epoch=0058 val_acc=0.7722 val_ba=0.7584 cls=0.56685 align=0.47769 orth=0.99999 balance=0.00000
fold=06 epoch=0060 val_acc=0.8481 val_ba=0.8475 cls=0.50483 align=0.47405 orth=0.99999 balance=0.00000
fold=06 epoch=0075 current_val_acc=0.6962 wait=15
fold=06 epoch=0076 val_acc=0.8608 val_ba=0.8594 cls=0.34304 align=0.46493 orth=0.99999 balance=0.00000
fold=06 epoch=0082 val_acc=0.8861 val_ba=0.8864 cls=0.27821 align=0.45992 orth=0.99999 balance=0.00000
fold=06 epoch=0083 val_acc=0.8987 val_ba=0.8983 cls=0.26368 align=0.44842 orth=0.99999 balance=0.00000
fold=06 epoch=0094 val_acc=0.9114 val_ba=0.9054 cls=0.29793 align=0.45845 orth=0.99999 balance=0.00000
fold=06 epoch=0100 current_val_acc=0.9114 wait=6
fold=06 epoch=0125 current_val_acc=0.8608 wait=31
fold=06 done epoch=94 ACC=0.9195 BA=0.9144 ASD-AUC=0.9580 runtime=14.6s
fold=07 epoch=0001 val_acc=0.3797 val_ba=0.3877 cls=0.93547 align=0.52177 orth=1.00000 balance=0.00000
fold=07 epoch=0002 val_acc=0.4430 val_ba=0.4456 cls=0.84423 align=0.52092 orth=0.99894 balance=0.00000
fold=07 epoch=0003 val_acc=0.5063 val_ba=0.5068 cls=0.80388 align=0.52397 orth=0.99993 balance=0.00000
fold=07 epoch=0006 val_acc=0.5570 val_ba=0.5512 cls=0.71803 align=0.53469 orth=0.99976 balance=0.00000
fold=07 epoch=0008 val_acc=0.5696 val_ba=0.5598 cls=0.68473 align=0.53871 orth=0.99994 balance=0.00000
fold=07 epoch=0010 val_acc=0.5823 val_ba=0.5701 cls=0.69562 align=0.54216 orth=0.99963 balance=0.00000
fold=07 epoch=0025 current_val_acc=0.5190 wait=15
fold=07 epoch=0028 val_acc=0.6456 val_ba=0.6329 cls=0.68674 align=0.51987 orth=0.99996 balance=0.00000
fold=07 epoch=0034 val_acc=0.6709 val_ba=0.6680 cls=0.68324 align=0.49816 orth=0.99996 balance=0.00000
fold=07 epoch=0035 val_acc=0.6962 val_ba=0.6918 cls=0.67596 align=0.49924 orth=0.99997 balance=0.00000
fold=07 epoch=0042 val_acc=0.7089 val_ba=0.7021 cls=0.61304 align=0.51687 orth=0.99999 balance=0.00000
fold=07 epoch=0044 val_acc=0.7215 val_ba=0.7140 cls=0.59992 align=0.50513 orth=0.99999 balance=0.00000
fold=07 epoch=0050 current_val_acc=0.6456 wait=6
fold=07 epoch=0051 val_acc=0.7342 val_ba=0.7452 cls=0.56603 align=0.49846 orth=0.99999 balance=0.00000
fold=07 epoch=0053 val_acc=0.7722 val_ba=0.7680 cls=0.44676 align=0.50238 orth=0.99999 balance=0.00000
fold=07 epoch=0058 val_acc=0.7848 val_ba=0.7799 cls=0.42252 align=0.49876 orth=0.99999 balance=0.00000
fold=07 epoch=0065 val_acc=0.7975 val_ba=0.7918 cls=0.32229 align=0.51058 orth=0.99999 balance=0.00000
fold=07 epoch=0075 current_val_acc=0.5949 wait=10
fold=07 epoch=0084 val_acc=0.8101 val_ba=0.8053 cls=0.35454 align=0.49736 orth=0.99992 balance=0.00000
fold=07 epoch=0099 val_acc=0.8481 val_ba=0.8459 cls=0.21947 align=0.44987 orth=0.99998 balance=0.00000
fold=07 epoch=0100 current_val_acc=0.7848 wait=1
fold=07 epoch=0125 current_val_acc=0.8481 wait=26
fold=07 done epoch=99 ACC=0.9080 BA=0.9130 ASD-AUC=0.9670 runtime=14.7s
fold=08 epoch=0001 val_acc=0.4810 val_ba=0.5119 cls=1.88068 align=0.50902 orth=1.00000 balance=0.00000
fold=08 epoch=0004 val_acc=0.5190 val_ba=0.5460 cls=0.96119 align=0.52453 orth=0.99983 balance=0.00000
fold=08 epoch=0005 val_acc=0.6076 val_ba=0.6229 cls=0.81117 align=0.52693 orth=0.99962 balance=0.00000
fold=08 epoch=0025 current_val_acc=0.5316 wait=20
fold=08 epoch=0047 val_acc=0.7342 val_ba=0.7484 cls=0.67080 align=0.53191 orth=0.99999 balance=0.00000
fold=08 epoch=0050 current_val_acc=0.6835 wait=3
fold=08 epoch=0051 val_acc=0.7848 val_ba=0.7751 cls=0.61641 align=0.51861 orth=0.99999 balance=0.00000
fold=08 epoch=0055 val_acc=0.8354 val_ba=0.8356 cls=0.57498 align=0.53969 orth=0.99998 balance=0.00000
fold=08 epoch=0064 val_acc=0.8481 val_ba=0.8475 cls=0.45702 align=0.51487 orth=0.99997 balance=0.00000
fold=08 epoch=0066 val_acc=0.8608 val_ba=0.8610 cls=0.44893 align=0.48932 orth=0.99999 balance=0.00000
fold=08 epoch=0070 val_acc=0.8861 val_ba=0.8880 cls=0.39986 align=0.49388 orth=0.99999 balance=0.00000
fold=08 epoch=0075 current_val_acc=0.8608 wait=5
fold=08 epoch=0091 val_acc=0.8987 val_ba=0.9015 cls=0.25225 align=0.45166 orth=0.99999 balance=0.00000
fold=08 epoch=0097 val_acc=0.9114 val_ba=0.9134 cls=0.21639 align=0.45276 orth=0.99999 balance=0.00000
fold=08 epoch=0100 current_val_acc=0.9114 wait=3
fold=08 epoch=0109 val_acc=0.9494 val_ba=0.9492 cls=0.21731 align=0.45486 orth=0.99999 balance=0.00000
fold=08 epoch=0125 current_val_acc=0.9367 wait=16
fold=08 epoch=0150 current_val_acc=0.8481 wait=41
fold=08 done epoch=109 ACC=0.9310 BA=0.9343 ASD-AUC=0.9947 runtime=15.1s
fold=09 epoch=0001 val_acc=0.5443 val_ba=0.5135 cls=1.30697 align=0.48437 orth=1.00000 balance=0.00000
fold=09 epoch=0003 val_acc=0.5570 val_ba=0.5335 cls=0.96510 align=0.48467 orth=0.99993 balance=0.00000
fold=09 epoch=0025 current_val_acc=0.4684 wait=22
fold=09 epoch=0041 val_acc=0.7722 val_ba=0.7793 cls=0.66011 align=0.47685 orth=0.99999 balance=0.00000
fold=09 epoch=0044 val_acc=0.7975 val_ba=0.8079 cls=0.61885 align=0.48936 orth=0.99999 balance=0.00000
fold=09 epoch=0050 current_val_acc=0.7722 wait=6
fold=09 epoch=0056 val_acc=0.8101 val_ba=0.7989 cls=0.50305 align=0.47942 orth=0.99999 balance=0.00000
fold=09 epoch=0057 val_acc=0.8481 val_ba=0.8475 cls=0.45879 align=0.48543 orth=0.99999 balance=0.00000
fold=09 epoch=0060 val_acc=0.8608 val_ba=0.8658 cls=0.42719 align=0.50207 orth=0.99999 balance=0.00000
fold=09 epoch=0066 val_acc=0.8861 val_ba=0.8896 cls=0.33759 align=0.48423 orth=0.99999 balance=0.00000
fold=09 epoch=0072 val_acc=0.8987 val_ba=0.8967 cls=0.32534 align=0.49093 orth=0.99999 balance=0.00000
fold=09 epoch=0074 val_acc=0.9114 val_ba=0.9102 cls=0.25740 align=0.47711 orth=0.99999 balance=0.00000
fold=09 epoch=0075 current_val_acc=0.8734 wait=1
fold=09 epoch=0089 val_acc=0.9367 val_ba=0.9405 cls=0.17251 align=0.46941 orth=0.99999 balance=0.00000
fold=09 epoch=0094 val_acc=0.9494 val_ba=0.9524 cls=0.14762 align=0.46622 orth=0.99999 balance=0.00000
fold=09 epoch=0100 current_val_acc=0.9494 wait=6
fold=09 epoch=0125 current_val_acc=0.6709 wait=31
fold=09 epoch=0141 val_acc=0.9620 val_ba=0.9643 cls=0.14962 align=0.45655 orth=0.99997 balance=0.00000
fold=09 epoch=0143 val_acc=0.9747 val_ba=0.9762 cls=0.12191 align=0.44346 orth=0.99997 balance=0.00000
fold=09 epoch=0150 current_val_acc=0.9367 wait=7
fold=09 epoch=0175 current_val_acc=0.9241 wait=32
fold=09 done epoch=143 ACC=0.6897 BA=0.6811 ASD-AUC=0.6883 runtime=18.1s
fold=10 epoch=0001 val_acc=0.4684 val_ba=0.5000 cls=1.77065 align=0.50669 orth=1.00000 balance=0.00000
fold=10 epoch=0002 val_acc=0.4810 val_ba=0.5119 cls=1.40249 align=0.51131 orth=0.99886 balance=0.00000
fold=10 epoch=0003 val_acc=0.4937 val_ba=0.5222 cls=1.13441 align=0.51827 orth=0.99992 balance=0.00000
fold=10 epoch=0005 val_acc=0.5316 val_ba=0.5531 cls=0.82522 align=0.52590 orth=0.99954 balance=0.00000
fold=10 epoch=0008 val_acc=0.5696 val_ba=0.5566 cls=0.72638 align=0.53552 orth=0.99992 balance=0.00000
fold=10 epoch=0025 current_val_acc=0.5316 wait=17
fold=10 epoch=0029 val_acc=0.5949 val_ba=0.6014 cls=0.68555 align=0.50022 orth=0.99998 balance=0.00000
fold=10 epoch=0039 val_acc=0.7089 val_ba=0.7117 cls=0.65267 align=0.50180 orth=0.99999 balance=0.00000
fold=10 epoch=0043 val_acc=0.7468 val_ba=0.7410 cls=0.62966 align=0.51146 orth=0.99999 balance=0.00000
fold=10 epoch=0048 val_acc=0.8101 val_ba=0.8166 cls=0.55088 align=0.50786 orth=0.99999 balance=0.00000
fold=10 epoch=0050 current_val_acc=0.5823 wait=2
fold=10 epoch=0051 val_acc=0.8481 val_ba=0.8523 cls=0.53591 align=0.50946 orth=0.99999 balance=0.00000
fold=10 epoch=0072 val_acc=0.8608 val_ba=0.8562 cls=0.32213 align=0.49843 orth=0.99999 balance=0.00000
fold=10 epoch=0075 current_val_acc=0.8101 wait=3
fold=10 epoch=0087 val_acc=0.8734 val_ba=0.8745 cls=0.17307 align=0.46520 orth=0.99999 balance=0.00000
fold=10 epoch=0099 val_acc=0.8861 val_ba=0.8864 cls=0.11718 align=0.45652 orth=0.99999 balance=0.00000
fold=10 epoch=0100 val_acc=0.8987 val_ba=0.8967 cls=0.12636 align=0.45006 orth=0.99999 balance=0.00000
fold=10 epoch=0100 current_val_acc=0.8987 wait=0
fold=10 epoch=0125 current_val_acc=0.7848 wait=25
fold=10 epoch=0150 current_val_acc=0.8354 wait=50
fold=10 done epoch=100 ACC=0.6897 BA=0.6886 ASD-AUC=0.7016 runtime=14.5s
wrote 10 fold rows to /data/adodas/MMGL-main/experiment/experiment2_selective_alignment/results/raw/C5_selective_hybrid_strong_seed0.folds.csv
wrote 871 OOF rows to /data/adodas/MMGL-main/experiment/experiment2_selective_alignment/results/raw/C5_selective_hybrid_strong_seed0.oof.csv
